// Jest Snapshot v1, https://goo.gl/fbAQLP

exports[`Key Information renders correctly 1`] = `
<View>
  <View
    style={
      Object {
        "alignItems": "center",
        "flex": 1,
        "flexDirection": "row",
        "justifyContent": "flex-start",
        "margin": 5,
      }
    }
  >
    <View
      style={
        Object {
          "alignItems": "flex-start",
          "borderColor": "lightgrey",
          "borderWidth": 1,
          "color": "grey",
          "flexGrow": 1,
          "fontSize": 18,
          "margin": 5,
          "padding": 5,
        }
      }
    >
      <TextInput
        allowFontScaling={true}
        defaultValue=""
        onChangeText={[Function]}
        placeholder="Your Name"
        rejectResponderTermination={true}
        underlineColorAndroid="transparent"
      />
    </View>
  </View>
  <View
    style={
      Object {
        "alignItems": "center",
        "flex": 1,
        "flexDirection": "row",
        "justifyContent": "flex-start",
        "margin": 5,
      }
    }
  >
    <View
      style={
        Object {
          "alignItems": "flex-start",
          "borderColor": "lightgrey",
          "borderWidth": 1,
          "color": "grey",
          "flexGrow": 1,
          "fontSize": 18,
          "margin": 5,
          "padding": 5,
        }
      }
    >
      <TextInput
        allowFontScaling={true}
        defaultValue=""
        onChangeText={[Function]}
        placeholder="Preferred Name"
        rejectResponderTermination={true}
        underlineColorAndroid="transparent"
      />
    </View>
  </View>
  <Text>
    Date Of Birth
  </Text>
  <RNDateTimePicker
    date={1588595312810}
    mode="date"
    onChange={[Function]}
    onResponderTerminationRequest={[Function]}
    onStartShouldSetResponder={[Function]}
    style={
      Array [
        Object {
          "height": 216,
        },
        undefined,
      ]
    }
  />
  <View
    style={
      Object {
        "alignItems": "center",
        "flex": 1,
        "flexDirection": "row",
        "justifyContent": "flex-start",
        "margin": 5,
      }
    }
  >
    <View
      style={
        Object {
          "alignItems": "flex-start",
          "borderColor": "lightgrey",
          "borderWidth": 1,
          "color": "grey",
          "flexGrow": 1,
          "fontSize": 18,
          "margin": 5,
          "padding": 5,
        }
      }
    >
      <TextInput
        allowFontScaling={true}
        defaultValue=""
        onChangeText={[Function]}
        placeholder="Address"
        rejectResponderTermination={true}
        underlineColorAndroid="transparent"
      />
    </View>
  </View>
  <View
    style={
      Object {
        "alignItems": "center",
        "flex": 1,
        "flexDirection": "row",
        "justifyContent": "flex-start",
        "margin": 5,
      }
    }
  >
    <View
      style={
        Object {
          "alignItems": "flex-start",
          "borderColor": "lightgrey",
          "borderWidth": 1,
          "color": "grey",
          "flexGrow": 1,
          "fontSize": 18,
          "margin": 5,
          "padding": 5,
        }
      }
    >
      <TextInput
        allowFontScaling={true}
        defaultValue=""
        onChangeText={[Function]}
        placeholder="Contact Number"
        rejectResponderTermination={true}
        underlineColorAndroid="transparent"
      />
    </View>
  </View>
  <View
    style={
      Object {
        "alignItems": "center",
        "flex": 1,
        "flexDirection": "row",
        "justifyContent": "flex-start",
        "margin": 5,
      }
    }
  >
    <View
      style={
        Object {
          "alignItems": "flex-start",
          "borderColor": "lightgrey",
          "borderWidth": 1,
          "color": "grey",
          "flexGrow": 1,
          "fontSize": 18,
          "margin": 5,
          "padding": 5,
        }
      }
    >
      <TextInput
        allowFontScaling={true}
        defaultValue=""
        onChangeText={[Function]}
        placeholder="Email"
        rejectResponderTermination={true}
        underlineColorAndroid="transparent"
      />
    </View>
  </View>
  <View
    style={
      Object {
        "alignItems": "center",
        "flex": 1,
        "flexDirection": "row",
        "justifyContent": "flex-start",
        "margin": 5,
      }
    }
  >
    <View
      style={
        Object {
          "alignItems": "flex-start",
          "borderColor": "lightgrey",
          "borderWidth": 1,
          "color": "grey",
          "flexGrow": 1,
          "fontSize": 18,
          "margin": 5,
          "padding": 5,
        }
      }
    >
      <TextInput
        allowFontScaling={true}
        defaultValue=""
        onChangeText={[Function]}
        placeholder="NHS Number"
        rejectResponderTermination={true}
        underlineColorAndroid="transparent"
      />
    </View>
  </View>
</View>
`;
