// Jest Snapshot v1, https://goo.gl/fbAQLP

exports[`Key Information renders correctly 1`] = `
<View
  style={
    Object {
      "alignItems": "center",
      "flex": 1,
      "flexDirection": "column",
      "justifyContent": "center",
    }
  }
>
  <View
    style={
      Object {
        "alignItems": "center",
        "flex": 1,
        "flexDirection": "row",
        "justifyContent": "flex-start",
        "margin": 5,
      }
    }
  >
    <View
      style={
        Object {
          "alignItems": "flex-start",
          "borderColor": "lightgrey",
          "borderWidth": 1,
          "color": "grey",
          "flexGrow": 1,
          "fontSize": 18,
          "margin": 5,
          "padding": 5,
        }
      }
    >
      <TextInput
        allowFontScaling={true}
        defaultValue=""
        onChangeText={[Function]}
        placeholder="Name"
        rejectResponderTermination={true}
        underlineColorAndroid="transparent"
      />
    </View>
  </View>
  <View
    style={
      Object {
        "alignItems": "center",
        "flex": 1,
        "flexDirection": "row",
        "justifyContent": "flex-start",
        "margin": 5,
      }
    }
  >
    <View
      style={
        Object {
          "alignItems": "flex-start",
          "borderColor": "lightgrey",
          "borderWidth": 1,
          "color": "grey",
          "flexGrow": 1,
          "fontSize": 18,
          "margin": 5,
          "padding": 5,
        }
      }
    >
      <TextInput
        allowFontScaling={true}
        defaultValue=""
        onChangeText={[Function]}
        placeholder="Relationship"
        rejectResponderTermination={true}
        underlineColorAndroid="transparent"
      />
    </View>
  </View>
  <View
    style={
      Object {
        "alignItems": "center",
        "flex": 1,
        "flexDirection": "row",
        "justifyContent": "flex-start",
        "margin": 5,
      }
    }
  >
    <View
      style={
        Object {
          "alignItems": "flex-start",
          "borderColor": "lightgrey",
          "borderWidth": 1,
          "color": "grey",
          "flexGrow": 1,
          "fontSize": 18,
          "margin": 5,
          "padding": 5,
        }
      }
    >
      <TextInput
        allowFontScaling={true}
        defaultValue=""
        onChangeText={[Function]}
        placeholder="Address"
        rejectResponderTermination={true}
        underlineColorAndroid="transparent"
      />
    </View>
  </View>
  <View
    style={
      Object {
        "alignItems": "center",
        "flex": 1,
        "flexDirection": "row",
        "justifyContent": "flex-start",
        "margin": 5,
      }
    }
  >
    <View
      style={
        Object {
          "alignItems": "flex-start",
          "borderColor": "lightgrey",
          "borderWidth": 1,
          "color": "grey",
          "flexGrow": 1,
          "fontSize": 18,
          "margin": 5,
          "padding": 5,
        }
      }
    >
      <TextInput
        allowFontScaling={true}
        defaultValue=""
        onChangeText={[Function]}
        placeholder="Contact Number"
        rejectResponderTermination={true}
        underlineColorAndroid="transparent"
      />
    </View>
  </View>
  <View
    style={
      Object {
        "alignItems": "center",
        "flex": 1,
        "flexDirection": "row",
        "justifyContent": "flex-start",
        "margin": 5,
      }
    }
  >
    <View
      style={
        Object {
          "alignItems": "flex-start",
          "borderColor": "lightgrey",
          "borderWidth": 1,
          "color": "grey",
          "flexGrow": 1,
          "fontSize": 18,
          "margin": 5,
          "padding": 5,
        }
      }
    >
      <TextInput
        allowFontScaling={true}
        defaultValue=""
        onChangeText={[Function]}
        placeholder="Email"
        rejectResponderTermination={true}
        underlineColorAndroid="transparent"
      />
    </View>
  </View>
</View>
`;
